Microchip MPLAB XC8 Compiler V2.10 ()

Linker command line:

-W-3 --edf=C:\Program Files (x86)\Microchip\xc8\v2.10\pic\dat\en_msgs.txt \
  -cs -h+dist/default/production\PIC18F_SHA256-master.production.sym \
  --cmf=dist/default/production\PIC18F_SHA256-master.production.cmf -z \
  -Q18F47K42 -oC:\Users\Olivier\AppData\Local\Temp\soa8.2 \
  --defsym=__MPLAB_BUILD=1 \
  -Mdist/default/production/PIC18F_SHA256-master.production.map -E1 \
  -ver=XC8 --acfsm=1493 -ASTACK=02A7h-01FFFh -pstack=STACK \
  -ACODE=00h-01FFFFh -ACONST=00h-01FFFFh -ASMALLCONST=02000h-020FFhx480 \
  -AMEDIUMCONST=02000h-0FFFFh,012000h-01FFFFh -ACOMRAM=01h-05Fh \
  -AABS1=00h-01FFFh -ABIGRAM=01h-01FFFh -ARAM=060h-0FFh,0100h-01FFhx31 \
  -ABANK0=060h-0FFh -ABANK1=0100h-01FFh -ABANK2=0200h-02FFh \
  -ABANK3=0300h-03FFh -ABANK4=0400h-04FFh -ABANK5=0500h-05FFh \
  -ABANK6=0600h-06FFh -ABANK7=0700h-07FFh -ABANK8=0800h-08FFh \
  -ABANK9=0900h-09FFh -ABANK10=0A00h-0AFFh -ABANK11=0B00h-0BFFh \
  -ABANK12=0C00h-0CFFh -ABANK13=0D00h-0DFFh -ABANK14=0E00h-0EFFh \
  -ABANK15=0F00h-0FFFh -ABANK16=01000h-010FFh -ABANK17=01100h-011FFh \
  -ABANK18=01200h-012FFh -ABANK19=01300h-013FFh -ABANK20=01400h-014FFh \
  -ABANK21=01500h-015FFh -ABANK22=01600h-016FFh -ABANK23=01700h-017FFh \
  -ABANK24=01800h-018FFh -ABANK25=01900h-019FFh -ABANK26=01A00h-01AFFh \
  -ABANK27=01B00h-01BFFh -ABANK28=01C00h-01CFFh -ABANK29=01D00h-01DFFh \
  -ABANK30=01E00h-01EFFh -ABANK31=01F00h-01FFFh \
  -ASFR=03800h-038FFhx7,03F00h-03F5Fh,03F60h-03FFFh -preset_vec=00h \
  -ppowerup=CODE,init -pramtop=02000h -psmallconst=SMALLCONST \
  -pmediumconst=MEDIUMCONST -pconst=CONST -AFARRAM=00h-00h \
  -ACONFIG=0300000h-0300009h -pconfig=CONFIG -AIDLOC=0200000h-020000Fh \
  -pidloc=IDLOC -AEEDATA=0310000h-03103FFh -peeprom_data=EEDATA \
  -prdata=COMRAM,nvrram=COMRAM,nvbit=COMRAM,rbss=COMRAM,rbit=COMRAM \
  -pfarbss=FARRAM,fardata=FARRAM,nvFARRAM=FARRAM \
  -pintsave_regs=BIGRAM,bigbss=BIGRAM,bigdata=BIGRAM -pbss=RAM \
  -pidata=CODE,irdata=CODE,ibigdata=CODE,ifardata=CODE -prparam=COMRAM \
  C:\Users\Olivier\AppData\Local\Temp\soa8.o \
  dist/default/production\PIC18F_SHA256-master.production.o 

Object code version is 3.11

Machine type is 18F47K42

Call graph: (short form)




                Name                               Link     Load   Length Selector   Space Scale
C:\Users\Olivier\AppData\Local\Temp\soa8.o
                init                              1FFFC    1FFFC        4     FFFE       0
                reset_vec                             0        0        4        0       0
                idloc                            200000   200000       10   200000       0
                config                           300000   300000        A   300000       0
dist/default/production\PIC18F_SHA256-master.production.o
                mediumconst                        FCC4     FCC4      33C     7E62       0
                text10                            10000    10000      CBE     8000       0
                text9                             1152C    1152C       5A     8000       0
                text8                             10CBE    10CBE      342     8000       0
                text7                             11214    11214       EE     8000       0
                text6                             11000    11000      214     8000       0
                text5                             115E0    115E0       18     8000       0
                text4                             114A4    114A4       88     8000       0
                text3                             115BC    115BC       24     8000       0
                text2                             115F8    115F8        E     8000       0
                text1                             113EE    113EE       B6     8000       0
                text0                             11302    11302       EC     8000       0
                cstackCOMRAM                          1        1       5E        1       1
                cstackBANK0                          A0       A0       3B       60       1
                bssBIGRAM                           167      167      140      167       1
                bssBANK1                            100      100       67      100       1
                bssBANK0                             60       60       40       60       1
                cinit                             11586    11586       36     8000       0

TOTAL           Name                               Link     Load   Length     Space
        CLASS   STACK          

        CLASS   CODE           
                init                              1FFFC    1FFFC        4         0
                reset_vec                             0        0        4         0
                text10                            10000    10000      CBE         0
                text9                             1152C    1152C       5A         0
                text8                             10CBE    10CBE      342         0
                text7                             11214    11214       EE         0
                text6                             11000    11000      214         0
                text5                             115E0    115E0       18         0
                text4                             114A4    114A4       88         0
                text3                             115BC    115BC       24         0
                text2                             115F8    115F8        E         0
                text1                             113EE    113EE       B6         0
                text0                             11302    11302       EC         0
                cinit                             11586    11586       36         0

        CLASS   CONST          

        CLASS   SMALLCONST     

        CLASS   MEDIUMCONST    
                mediumconst                        FCC4     FCC4      33C         0

        CLASS   COMRAM         
                cstackCOMRAM                          1        1       5E         1

        CLASS   ABS1           

        CLASS   BIGRAM         
                bssBIGRAM                           167      167      140         1

        CLASS   RAM            

        CLASS   BANK0          
                cstackBANK0                          A0       A0       3B         1
                bssBANK0                             60       60       40         1

        CLASS   BANK1          
                bssBANK1                            100      100       67         1

        CLASS   BANK2          

        CLASS   BANK3          

        CLASS   BANK4          

        CLASS   BANK5          

        CLASS   BANK6          

        CLASS   BANK7          

        CLASS   BANK8          

        CLASS   BANK9          

        CLASS   BANK10         

        CLASS   BANK11         

        CLASS   BANK12         

        CLASS   BANK13         

        CLASS   BANK14         

        CLASS   BANK15         

        CLASS   BANK16         

        CLASS   BANK17         

        CLASS   BANK18         

        CLASS   BANK19         

        CLASS   BANK20         

        CLASS   BANK21         

        CLASS   BANK22         

        CLASS   BANK23         

        CLASS   BANK24         

        CLASS   BANK25         

        CLASS   BANK26         

        CLASS   BANK27         

        CLASS   BANK28         

        CLASS   BANK29         

        CLASS   BANK30         

        CLASS   BANK31         

        CLASS   SFR            

        CLASS   FARRAM         

        CLASS   CONFIG         
                config                           300000   300000        A         0

        CLASS   IDLOC          
                idloc                            200000   200000       10         0

        CLASS   EEDATA         



SEGMENTS        Name                           Load    Length   Top    Selector   Space  Class

                reset_vec                      000000  000004  000004         0       0  CODE    
                cstackCOMRAM                   000001  00005E  00005F         1       1  COMRAM  
                bssBANK0                       000060  00007B  0000DB        60       1  BANK0   
                bssBANK1                       000100  000067  000167       100       1  BANK1   
                bssBIGRAM                      000167  000140  0002A7       167       1  BIGRAM  
                mediumconst                    00FCC4  00033C  010000      7E62       0  MEDIUMCO
                text10                         010000  001606  011606      8000       0  CODE    
                init                           01FFFC  000004  020000      FFFE       0  CODE    
                idloc                          200000  000010  200010    200000       0  IDLOC   
                config                         300000  00000A  30000A    300000       0  CONFIG  


UNUSED ADDRESS RANGES

        Name                Unused          Largest block    Delta
        BANK0            0000DB-0000FF               25
        BANK10           000A00-000AFF              100
        BANK11           000B00-000BFF              100
        BANK12           000C00-000CFF              100
        BANK13           000D00-000DFF              100
        BANK14           000E00-000EFF              100
        BANK15           000F00-000FFF              100
        BANK16           001000-0010FF              100
        BANK17           001100-0011FF              100
        BANK18           001200-0012FF              100
        BANK19           001300-0013FF              100
        BANK2            0002A7-0002FF               59
        BANK20           001400-0014FF              100
        BANK21           001500-0015FF              100
        BANK22           001600-0016FF              100
        BANK23           001700-0017FF              100
        BANK24           001800-0018FF              100
        BANK25           001900-0019FF              100
        BANK26           001A00-001AFF              100
        BANK27           001B00-001BFF              100
        BANK28           001C00-001CFF              100
        BANK29           001D00-001DFF              100
        BANK3            000300-0003FF              100
        BANK30           001E00-001EFF              100
        BANK31           001F00-001FFF              100
        BANK4            000400-0004FF              100
        BANK5            000500-0005FF              100
        BANK6            000600-0006FF              100
        BANK7            000700-0007FF              100
        BANK8            000800-0008FF              100
        BANK9            000900-0009FF              100
        BIGRAM           00005F-00005F                1
                         0000DB-0000FF               25
                         0002A7-001FFF             1D59
        CODE             000004-00FCC3             FCC0
                         011606-01FFFB             E9F6
        COMRAM           00005F-00005F                1
        CONST            000004-00FCC3             FCC0
                         011606-01FFFB             E9F6
        EEDATA           310000-3103FF              400
        MEDIUMCONST      002000-00FCC3             DCC4
                         012000-01FFFB             DFFC
        RAM              0000DB-0000FF               25
                         0002A7-001FFF              100
        SFR              003800-003FFF              100
        SMALLCONST       002000-00FCC3              100
                         011606-01FFFB              100
        STACK            0002A7-001FFF             1D59

                                  Symbol Table

?_memcmp                         cstackCOMRAM 000001
SHA256_Calculate@blockPtr        cstackBANK0  0000D8
SHA256_Calculate@context         cstackBANK0  0000CD
SHA256_Calculate@endPtr          cstackBANK0  0000D5
SHA256_Calculate@i               cstackBANK0  0000D7
SHA256_Calculate@result          cstackBANK0  0000CF
SHA256_DataAdd@blockPtr          cstackBANK0  0000D9
SHA256_DataAdd@context           cstackBANK0  0000CD
SHA256_DataAdd@data              cstackBANK0  0000CF
SHA256_DataAdd@len               cstackBANK0  0000D1
SHA256_HashBlock@a               cstackBANK0  0000C2
SHA256_HashBlock@b               cstackBANK0  0000B4
SHA256_HashBlock@c               cstackBANK0  0000B8
SHA256_HashBlock@context         cstackCOMRAM 000001
SHA256_HashBlock@d               cstackBANK0  0000A4
SHA256_HashBlock@dataPtr         cstackBANK0  0000C0
SHA256_HashBlock@e               cstackBANK0  0000C6
SHA256_HashBlock@f               cstackBANK0  0000AC
SHA256_HashBlock@g               cstackBANK0  0000B0
SHA256_HashBlock@h               cstackBANK0  0000A8
SHA256_HashBlock@i               cstackBANK0  0000CA
SHA256_HashBlock@schedulePtr     cstackBANK0  0000CB
SHA256_HashBlock@t1              cstackBANK0  0000BC
SHA256_HashBlock@t2              cstackBANK0  0000A0
SHA256_Initialize@context        cstackCOMRAM 000001
SHA256_Initialize@length         cstackCOMRAM 000003
SHA256_Initialize@workingBuffer  cstackCOMRAM 000004
SHA256_OutputData@output         cstackCOMRAM 000001
SHA256_OutputData@value          cstackCOMRAM 000003
_ANSELA                          (abs)        003A40
_ANSELB                          (abs)        003A50
_ANSELC                          (abs)        003A60
_ANSELD                          (abs)        003A70
_ANSELE                          (abs)        003A80
_INLVLA                          (abs)        003A44
_INLVLB                          (abs)        003A54
_INLVLC                          (abs)        003A64
_INLVLD                          (abs)        003A74
_INLVLE                          (abs)        003A84
_LATA                            (abs)        003FBA
_LATB                            (abs)        003FBB
_LATC                            (abs)        003FBC
_LATD                            (abs)        003FBD
_LATE                            (abs)        003FBE
_ODCONA                          (abs)        003A42
_ODCONB                          (abs)        003A52
_ODCONC                          (abs)        003A62
_ODCOND                          (abs)        003A72
_ODCONE                          (abs)        003A82
_OSCCON1                         (abs)        0039D9
_OSCCON3                         (abs)        0039DB
_OSCEN                           (abs)        0039DD
_OSCFRQ                          (abs)        0039DF
_OSCILLATOR_Initialize           text5        0115E0
_OSCTUNE                         (abs)        0039DE
_PIN_MANAGER_Initialize          text4        0114A4
_PMD0                            (abs)        0039C0
_PMD1                            (abs)        0039C1
_PMD2                            (abs)        0039C2
_PMD3                            (abs)        0039C3
_PMD4                            (abs)        0039C4
_PMD5                            (abs)        0039C5
_PMD6                            (abs)        0039C6
_PMD7                            (abs)        0039C7
_PMD_Initialize                  text3        0115BC
_RB1I2C                          (abs)        003A5A
_RB2I2C                          (abs)        003A5B
_RC3I2C                          (abs)        003A6A
_RC4I2C                          (abs)        003A6B
_RD0I2C                          (abs)        003A7A
_RD1I2C                          (abs)        003A7B
_SHA256_Calculate                text8        010CBE
_SHA256_DataAdd                  text7        011214
_SHA256_HashBlock                text10       010000
_SHA256_Initialize               text6        011000
_SHA256_K                        mediumconst  00FCC5
_SHA256_OutputData               text9        01152C
_SLRCONA                         (abs)        003A43
_SLRCONB                         (abs)        003A53
_SLRCONC                         (abs)        003A63
_SLRCOND                         (abs)        003A73
_SLRCONE                         (abs)        003A83
_SYSTEM_Initialize               text2        0115F8
_TRISA                           (abs)        003FC2
_TRISB                           (abs)        003FC3
_TRISC                           (abs)        003FC4
_TRISD                           (abs)        003FC5
_TRISE                           (abs)        003FC6
_WPUA                            (abs)        003A41
_WPUB                            (abs)        003A51
_WPUC                            (abs)        003A61
_WPUD                            (abs)        003A71
_WPUE                            (abs)        003A81
__CFG_BBEN$OFF                   (abs)        000000
__CFG_BBSIZE$BBSIZE_512          (abs)        000000
__CFG_BOREN$SBORDIS              (abs)        000000
__CFG_BORV$VBOR_2P45             (abs)        000000
__CFG_CLKOUTEN$OFF               (abs)        000000
__CFG_CP$OFF                     (abs)        000000
__CFG_CSWEN$ON                   (abs)        000000
__CFG_DEBUG$OFF                  (abs)        000000
__CFG_FCMEN$ON                   (abs)        000000
__CFG_FEXTOSC$OFF                (abs)        000000
__CFG_IVT1WAY$ON                 (abs)        000000
__CFG_LPBOREN$OFF                (abs)        000000
__CFG_LVP$ON                     (abs)        000000
__CFG_MCLRE$EXTMCLR              (abs)        000000
__CFG_MVECEN$OFF                 (abs)        000000
__CFG_PPS1WAY$ON                 (abs)        000000
__CFG_PR1WAY$ON                  (abs)        000000
__CFG_PWRTS$PWRT_OFF             (abs)        000000
__CFG_RSTOSC$HFINTOSC_64MHZ      (abs)        000000
__CFG_SAFEN$OFF                  (abs)        000000
__CFG_STVREN$ON                  (abs)        000000
__CFG_WDTCCS$SC                  (abs)        000000
__CFG_WDTCPS$WDTCPS_31           (abs)        000000
__CFG_WDTCWS$WDTCWS_7            (abs)        000000
__CFG_WDTE$OFF                   (abs)        000000
__CFG_WRTAPP$OFF                 (abs)        000000
__CFG_WRTB$OFF                   (abs)        000000
__CFG_WRTC$OFF                   (abs)        000000
__CFG_WRTD$OFF                   (abs)        000000
__CFG_WRTSAF$OFF                 (abs)        000000
__CFG_XINST$OFF                  (abs)        000000
__CFG_ZCD$OFF                    (abs)        000000
__HRAM                           (abs)        000000
__Habs1                          abs1         000000
__Hbank0                         bank0        000000
__Hbank1                         bank1        000000
__Hbank10                        bank10       000000
__Hbank11                        bank11       000000
__Hbank12                        bank12       000000
__Hbank13                        bank13       000000
__Hbank14                        bank14       000000
__Hbank15                        bank15       000000
__Hbank16                        bank16       000000
__Hbank17                        bank17       000000
__Hbank18                        bank18       000000
__Hbank19                        bank19       000000
__Hbank2                         bank2        000000
__Hbank20                        bank20       000000
__Hbank21                        bank21       000000
__Hbank22                        bank22       000000
__Hbank23                        bank23       000000
__Hbank24                        bank24       000000
__Hbank25                        bank25       000000
__Hbank26                        bank26       000000
__Hbank27                        bank27       000000
__Hbank28                        bank28       000000
__Hbank29                        bank29       000000
__Hbank3                         bank3        000000
__Hbank30                        bank30       000000
__Hbank31                        bank31       000000
__Hbank4                         bank4        000000
__Hbank5                         bank5        000000
__Hbank6                         bank6        000000
__Hbank7                         bank7        000000
__Hbank8                         bank8        000000
__Hbank9                         bank9        000000
__Hbigbss                        bigbss       000000
__Hbigdata                       bigdata      000000
__Hbigram                        bigram       000000
__Hbss                           bss          000000
__HbssBANK0                      bssBANK0     000000
__HbssBANK1                      bssBANK1     000000
__HbssBIGRAM                     bssBIGRAM    000000
__Hcinit                         cinit        000000
__Hclrtext                       clrtext      000000
__Hcomram                        comram       000000
__Hconfig                        config       30000A
__Hconst                         const        000000
__HcstackBANK0                   cstackBANK0  000000
__HcstackCOMRAM                  cstackCOMRAM 000000
__Hdata                          data         000000
__Heeprom_data                   eeprom_data  000000
__Hfarbss                        farbss       000000
__Hfardata                       fardata      000000
__Hibigdata                      ibigdata     000000
__Hidata                         idata        000000
__Hidloc                         idloc        200010
__Hifardata                      ifardata     000000
__Hinit                          init         020000
__Hintsave_regs                  intsave_regs 000000
__Hirdata                        irdata       000000
__Hmediumconst                   mediumconst  010000
__HnvFARRAM                      nvFARRAM     000000
__Hnvbit                         nvbit        000000
__Hnvrram                        nvrram       000000
__Hparam                         rparam       000000
__Hpowerup                       powerup      000000
__Hram                           ram          000000
__Hramtop                        ramtop       002000
__Hrbit                          rbit         000000
__Hrbss                          rbss         000000
__Hrdata                         rdata        000000
__Hreset_vec                     reset_vec    000004
__Hrparam                        rparam       000000
__Hsfr                           sfr          000000
__Hsmallconst                    smallconst   000000
__Hspace_0                       (abs)        30000A
__Hspace_1                       (abs)        0002A7
__Hspace_2                       (abs)        000000
__Hstack                         stack        000000
__Hstruct                        struct       000000
__Htemp                          temp         000000
__Htext                          text         000000
__Htext0                         text0        000000
__Htext1                         text1        000000
__Htext10                        text10       000000
__Htext2                         text2        000000
__Htext3                         text3        000000
__Htext4                         text4        000000
__Htext5                         text5        000000
__Htext6                         text6        000000
__Htext7                         text7        000000
__Htext8                         text8        000000
__Htext9                         text9        000000
__LRAM                           (abs)        000001
__Labs1                          abs1         000000
__Lbank0                         bank0        000000
__Lbank1                         bank1        000000
__Lbank10                        bank10       000000
__Lbank11                        bank11       000000
__Lbank12                        bank12       000000
__Lbank13                        bank13       000000
__Lbank14                        bank14       000000
__Lbank15                        bank15       000000
__Lbank16                        bank16       000000
__Lbank17                        bank17       000000
__Lbank18                        bank18       000000
__Lbank19                        bank19       000000
__Lbank2                         bank2        000000
__Lbank20                        bank20       000000
__Lbank21                        bank21       000000
__Lbank22                        bank22       000000
__Lbank23                        bank23       000000
__Lbank24                        bank24       000000
__Lbank25                        bank25       000000
__Lbank26                        bank26       000000
__Lbank27                        bank27       000000
__Lbank28                        bank28       000000
__Lbank29                        bank29       000000
__Lbank3                         bank3        000000
__Lbank30                        bank30       000000
__Lbank31                        bank31       000000
__Lbank4                         bank4        000000
__Lbank5                         bank5        000000
__Lbank6                         bank6        000000
__Lbank7                         bank7        000000
__Lbank8                         bank8        000000
__Lbank9                         bank9        000000
__Lbigbss                        bigbss       000000
__Lbigdata                       bigdata      000000
__Lbigram                        bigram       000000
__Lbss                           bss          000000
__LbssBANK0                      bssBANK0     000000
__LbssBANK1                      bssBANK1     000000
__LbssBIGRAM                     bssBIGRAM    000000
__Lcinit                         cinit        000000
__Lclrtext                       clrtext      000000
__Lcomram                        comram       000000
__Lconfig                        config       300000
__Lconst                         const        000000
__LcstackBANK0                   cstackBANK0  000000
__LcstackCOMRAM                  cstackCOMRAM 000000
__Ldata                          data         000000
__Leeprom_data                   eeprom_data  000000
__Lfarbss                        farbss       000000
__Lfardata                       fardata      000000
__Libigdata                      ibigdata     000000
__Lidata                         idata        000000
__Lidloc                         idloc        200000
__Lifardata                      ifardata     000000
__Linit                          init         01FFFC
__Lintsave_regs                  intsave_regs 000000
__Lirdata                        irdata       000000
__Lmediumconst                   mediumconst  00FCC4
__LnvFARRAM                      nvFARRAM     000000
__Lnvbit                         nvbit        000000
__Lnvrram                        nvrram       000000
__Lparam                         rparam       000000
__Lpowerup                       powerup      000000
__Lram                           ram          000000
__Lramtop                        ramtop       002000
__Lrbit                          rbit         000000
__Lrbss                          rbss         000000
__Lrdata                         rdata        000000
__Lreset_vec                     reset_vec    000000
__Lrparam                        rparam       000000
__Lsfr                           sfr          000000
__Lsmallconst                    smallconst   000000
__Lspace_0                       (abs)        000000
__Lspace_1                       (abs)        000000
__Lspace_2                       (abs)        000000
__Lstack                         stack        000000
__Lstruct                        struct       000000
__Ltemp                          temp         000000
__Ltext                          text         000000
__Ltext0                         text0        000000
__Ltext1                         text1        000000
__Ltext10                        text10       000000
__Ltext2                         text2        000000
__Ltext3                         text3        000000
__Ltext4                         text4        000000
__Ltext5                         text5        000000
__Ltext6                         text6        000000
__Ltext7                         text7        000000
__Ltext8                         text8        000000
__Ltext9                         text9        000000
__S0                             (abs)        30000A
__S1                             (abs)        0002A7
__S2                             (abs)        000000
___inthi_sp                      stack        000000
___intlo_sp                      stack        000000
___param_bank                    (abs)        000000
___rparam_used                   (abs)        000001
___sp                            stack        000000
__accesstop                      (abs)        000060
__activetblptr                   (abs)        000002
__end_of_OSCILLATOR_Initialize   text5        0115F8
__end_of_PIN_MANAGER_Initialize  text4        01152C
__end_of_PMD_Initialize          text3        0115E0
__end_of_SHA256_Calculate        text8        011000
__end_of_SHA256_DataAdd          text7        011302
__end_of_SHA256_HashBlock        text10       010CBE
__end_of_SHA256_Initialize       text6        011214
__end_of_SHA256_K                mediumconst  00FDC5
__end_of_SHA256_OutputData       text9        011586
__end_of_SYSTEM_Initialize       text2        011606
__end_of__initialization         cinit        0115B2
__end_of_main                    text0        0113EE
__end_of_memcmp                  text1        0114A4
__end_of_message0                mediumconst  00FFFE
__end_of_message0_256_digest     mediumconst  00FFFB
__end_of_message1                mediumconst  00FFFD
__end_of_message1_256_digest     mediumconst  00FFDB
__end_of_message2                mediumconst  00FFBB
__end_of_message2_256_digest     mediumconst  00FF82
__end_of_message3                mediumconst  00FFAC
__end_of_message3_256_digest     mediumconst  00FF62
__end_of_message4                mediumconst  00FF9D
__end_of_message4_256_digest     mediumconst  00FF42
__end_of_message5                mediumconst  00FEA2
__end_of_message5_256_digest     mediumconst  00FF22
__end_of_message6                mediumconst  00FE69
__end_of_message6_256_digest     mediumconst  00FF02
__end_of_message7                mediumconst  00FFB7
__end_of_message7_256_digest     mediumconst  00FEE2
__end_of_message8                mediumconst  00FE2A
__end_of_message8_256_digest     mediumconst  00FEC2
__initialization                 cinit        011586
__mediumconst                    mediumconst  00FCC4
__pbssBANK0                      bssBANK0     000060
__pbssBANK1                      bssBANK1     000100
__pbssBIGRAM                     bssBIGRAM    000167
__pcinit                         cinit        011586
__pcstackBANK0                   cstackBANK0  0000A0
__pcstackCOMRAM                  cstackCOMRAM 000001
__pmediumconst                   mediumconst  00FCC4
__ptext0                         text0        011302
__ptext1                         text1        0113EE
__ptext10                        text10       010000
__ptext2                         text2        0115F8
__ptext3                         text3        0115BC
__ptext4                         text4        0114A4
__ptext5                         text5        0115E0
__ptext6                         text6        011000
__ptext7                         text7        011214
__ptext8                         text8        010CBE
__ptext9                         text9        01152C
__ramtop                         ramtop       002000
__size_of_OSCILLATOR_Initialize  (abs)        000000
__size_of_PIN_MANAGER_Initialize (abs)        000000
__size_of_PMD_Initialize         (abs)        000000
__size_of_SHA256_Calculate       (abs)        000000
__size_of_SHA256_DataAdd         (abs)        000000
__size_of_SHA256_HashBlock       (abs)        000000
__size_of_SHA256_Initialize      (abs)        000000
__size_of_SHA256_OutputData      (abs)        000000
__size_of_SYSTEM_Initialize      (abs)        000000
__size_of_main                   (abs)        000000
__size_of_memcmp                 (abs)        000000
__smallconst                     smallconst   000000
_contexts                        bssBANK1     000100
_digest                          bssBANK0     000060
_main                            text0        011302
_memcmp                          text1        0113EE
_message0                        mediumconst  00FFFD
_message0_256_digest             mediumconst  00FFDB
_message1                        mediumconst  00FFFB
_message1_256_digest             mediumconst  00FFBB
_message2                        mediumconst  00FFB7
_message2_256_digest             mediumconst  00FF62
_message3                        mediumconst  00FF9D
_message3_256_digest             mediumconst  00FF42
_message4                        mediumconst  00FF82
_message4_256_digest             mediumconst  00FF22
_message5                        mediumconst  00FE69
_message5_256_digest             mediumconst  00FF02
_message6                        mediumconst  00FE2A
_message6_256_digest             mediumconst  00FEE2
_message7                        mediumconst  00FFAC
_message7_256_digest             mediumconst  00FEC2
_message8                        mediumconst  00FDC5
_message8_256_digest             mediumconst  00FEA2
_workingBuffer                   bssBIGRAM    000167
end_of_initialization            cinit        0115B2
intlevel0                        text         000000
intlevel1                        text         000000
intlevel2                        text         000000
intlevel3                        text         000000
memcmp@l                         cstackCOMRAM 000008
memcmp@n                         cstackCOMRAM 000005
memcmp@r                         cstackCOMRAM 00000A
memcmp@vl                        cstackCOMRAM 000001
memcmp@vr                        cstackCOMRAM 000003
stackhi                          (abs)        001FFF
stacklo                          (abs)        0002A7
start                            init         01FFFC
start_initialization             cinit        011586


FUNCTION INFORMATION:

 *************** function _main *****************
 Defined at:
		line 50 in file "main.c"
 Parameters:    Size  Location     Type
		None
 Auto vars:     Size  Location     Type
		None
 Return value:  Size  Location     Type
                  1    wreg      void 
 Registers used:
		wreg, fsr2l, fsr2h, status,2, status,0, tblptrl, tblptrh, tblptru, prodl, prodh, cstack
 Tracked objects:
		On entry : 
		On exit  : 
		Unchanged: 
 Data sizes:     COMRAM   BANK0   BANK1   BANK2   BANK3   BANK4   BANK5   BANK6   BANK7   BANK8   BANK9  BANK10  BANK11  BANK12  BANK13  BANK14  BANK15  BANK16  BANK17  BANK18  BANK19  BANK20  BANK21  BANK22  BANK23  BANK24  BANK25  BANK26  BANK27  BANK28  BANK29  BANK30  BANK31
      Params:         0       0       0       0       0       0       0       0       0       0       0       0       0       0       0       0       0       0       0       0       0       0       0       0       0       0       0       0       0       0       0       0       0
      Locals:         0       0       0       0       0       0       0       0       0       0       0       0       0       0       0       0       0       0       0       0       0       0       0       0       0       0       0       0       0       0       0       0       0
      Temps:          0       0       0       0       0       0       0       0       0       0       0       0       0       0       0       0       0       0       0       0       0       0       0       0       0       0       0       0       0       0       0       0       0
      Totals:         0       0       0       0       0       0       0       0       0       0       0       0       0       0       0       0       0       0       0       0       0       0       0       0       0       0       0       0       0       0       0       0       0
Total ram usage:        0 bytes
 Hardware stack levels required when called:    2
 This function calls:
		_SHA256_Calculate
		_SHA256_DataAdd
		_SHA256_Initialize
		_SYSTEM_Initialize
		_memcmp
 This function is called by:
		Startup code after reset
 This function uses a non-reentrant model


 *************** function _memcmp *****************
 Defined at:
		line 3 in file "C:\Program Files (x86)\Microchip\xc8\v2.10\pic\sources\c99\common\memcmp.c"
 Parameters:    Size  Location     Type
  vl              2    0[COMRAM] PTR const void 
		 -> digest(64), 
  vr              2    2[COMRAM] PTR const void 
		 -> message1_256_digest(32), message0_256_digest(32), 
  n               2    4[COMRAM] unsigned int 
 Auto vars:     Size  Location     Type
  r               2    9[COMRAM] PTR const unsigned char 
		 -> message1_256_digest(32), message0_256_digest(32), 
  l               2    7[COMRAM] PTR const unsigned char 
		 -> digest(64), 
 Return value:  Size  Location     Type
                  2    0[COMRAM] int 
 Registers used:
		wreg, fsr2l, fsr2h, status,2, status,0, tblptrl, tblptrh, tblptru
 Tracked objects:
		On entry : 
		On exit  : 
		Unchanged: 
 Data sizes:     COMRAM   BANK0   BANK1   BANK2   BANK3   BANK4   BANK5   BANK6   BANK7   BANK8   BANK9  BANK10  BANK11  BANK12  BANK13  BANK14  BANK15  BANK16  BANK17  BANK18  BANK19  BANK20  BANK21  BANK22  BANK23  BANK24  BANK25  BANK26  BANK27  BANK28  BANK29  BANK30  BANK31
      Params:         6       0       0       0       0       0       0       0       0       0       0       0       0       0       0       0       0       0       0       0       0       0       0       0       0       0       0       0       0       0       0       0       0
      Locals:         4       0       0       0       0       0       0       0       0       0       0       0       0       0       0       0       0       0       0       0       0       0       0       0       0       0       0       0       0       0       0       0       0
      Temps:          1       0       0       0       0       0       0       0       0       0       0       0       0       0       0       0       0       0       0       0       0       0       0       0       0       0       0       0       0       0       0       0       0
      Totals:        11       0       0       0       0       0       0       0       0       0       0       0       0       0       0       0       0       0       0       0       0       0       0       0       0       0       0       0       0       0       0       0       0
Total ram usage:       11 bytes
 Hardware stack levels used:    1
 This function calls:
		Nothing
 This function is called by:
		_main
 This function uses a non-reentrant model


 *************** function _SYSTEM_Initialize *****************
 Defined at:
		line 50 in file "mcc_generated_files/mcc.c"
 Parameters:    Size  Location     Type
		None
 Auto vars:     Size  Location     Type
		None
 Return value:  Size  Location     Type
                  1    wreg      void 
 Registers used:
		wreg, status,2, cstack
 Tracked objects:
		On entry : 
		On exit  : 
		Unchanged: 
 Data sizes:     COMRAM   BANK0   BANK1   BANK2   BANK3   BANK4   BANK5   BANK6   BANK7   BANK8   BANK9  BANK10  BANK11  BANK12  BANK13  BANK14  BANK15  BANK16  BANK17  BANK18  BANK19  BANK20  BANK21  BANK22  BANK23  BANK24  BANK25  BANK26  BANK27  BANK28  BANK29  BANK30  BANK31
      Params:         0       0       0       0       0       0       0       0       0       0       0       0       0       0       0       0       0       0       0       0       0       0       0       0       0       0       0       0       0       0       0       0       0
      Locals:         0       0       0       0       0       0       0       0       0       0       0       0       0       0       0       0       0       0       0       0       0       0       0       0       0       0       0       0       0       0       0       0       0
      Temps:          0       0       0       0       0       0       0       0       0       0       0       0       0       0       0       0       0       0       0       0       0       0       0       0       0       0       0       0       0       0       0       0       0
      Totals:         0       0       0       0       0       0       0       0       0       0       0       0       0       0       0       0       0       0       0       0       0       0       0       0       0       0       0       0       0       0       0       0       0
Total ram usage:        0 bytes
 Hardware stack levels used:    1
 Hardware stack levels required when called:    1
 This function calls:
		_OSCILLATOR_Initialize
		_PIN_MANAGER_Initialize
		_PMD_Initialize
 This function is called by:
		_main
 This function uses a non-reentrant model


 *************** function _PMD_Initialize *****************
 Defined at:
		line 71 in file "mcc_generated_files/mcc.c"
 Parameters:    Size  Location     Type
		None
 Auto vars:     Size  Location     Type
		None
 Return value:  Size  Location     Type
                  1    wreg      void 
 Registers used:
		wreg, status,2
 Tracked objects:
		On entry : 
		On exit  : 
		Unchanged: 
 Data sizes:     COMRAM   BANK0   BANK1   BANK2   BANK3   BANK4   BANK5   BANK6   BANK7   BANK8   BANK9  BANK10  BANK11  BANK12  BANK13  BANK14  BANK15  BANK16  BANK17  BANK18  BANK19  BANK20  BANK21  BANK22  BANK23  BANK24  BANK25  BANK26  BANK27  BANK28  BANK29  BANK30  BANK31
      Params:         0       0       0       0       0       0       0       0       0       0       0       0       0       0       0       0       0       0       0       0       0       0       0       0       0       0       0       0       0       0       0       0       0
      Locals:         0       0       0       0       0       0       0       0       0       0       0       0       0       0       0       0       0       0       0       0       0       0       0       0       0       0       0       0       0       0       0       0       0
      Temps:          0       0       0       0       0       0       0       0       0       0       0       0       0       0       0       0       0       0       0       0       0       0       0       0       0       0       0       0       0       0       0       0       0
      Totals:         0       0       0       0       0       0       0       0       0       0       0       0       0       0       0       0       0       0       0       0       0       0       0       0       0       0       0       0       0       0       0       0       0
Total ram usage:        0 bytes
 Hardware stack levels used:    1
 This function calls:
		Nothing
 This function is called by:
		_SYSTEM_Initialize
 This function uses a non-reentrant model


 *************** function _PIN_MANAGER_Initialize *****************
 Defined at:
		line 55 in file "mcc_generated_files/pin_manager.c"
 Parameters:    Size  Location     Type
		None
 Auto vars:     Size  Location     Type
		None
 Return value:  Size  Location     Type
                  1    wreg      void 
 Registers used:
		wreg, status,2
 Tracked objects:
		On entry : 
		On exit  : 
		Unchanged: 
 Data sizes:     COMRAM   BANK0   BANK1   BANK2   BANK3   BANK4   BANK5   BANK6   BANK7   BANK8   BANK9  BANK10  BANK11  BANK12  BANK13  BANK14  BANK15  BANK16  BANK17  BANK18  BANK19  BANK20  BANK21  BANK22  BANK23  BANK24  BANK25  BANK26  BANK27  BANK28  BANK29  BANK30  BANK31
      Params:         0       0       0       0       0       0       0       0       0       0       0       0       0       0       0       0       0       0       0       0       0       0       0       0       0       0       0       0       0       0       0       0       0
      Locals:         0       0       0       0       0       0       0       0       0       0       0       0       0       0       0       0       0       0       0       0       0       0       0       0       0       0       0       0       0       0       0       0       0
      Temps:          0       0       0       0       0       0       0       0       0       0       0       0       0       0       0       0       0       0       0       0       0       0       0       0       0       0       0       0       0       0       0       0       0
      Totals:         0       0       0       0       0       0       0       0       0       0       0       0       0       0       0       0       0       0       0       0       0       0       0       0       0       0       0       0       0       0       0       0       0
Total ram usage:        0 bytes
 Hardware stack levels used:    1
 This function calls:
		Nothing
 This function is called by:
		_SYSTEM_Initialize
 This function uses a non-reentrant model


 *************** function _OSCILLATOR_Initialize *****************
 Defined at:
		line 57 in file "mcc_generated_files/mcc.c"
 Parameters:    Size  Location     Type
		None
 Auto vars:     Size  Location     Type
		None
 Return value:  Size  Location     Type
                  1    wreg      void 
 Registers used:
		wreg, status,2
 Tracked objects:
		On entry : 
		On exit  : 
		Unchanged: 
 Data sizes:     COMRAM   BANK0   BANK1   BANK2   BANK3   BANK4   BANK5   BANK6   BANK7   BANK8   BANK9  BANK10  BANK11  BANK12  BANK13  BANK14  BANK15  BANK16  BANK17  BANK18  BANK19  BANK20  BANK21  BANK22  BANK23  BANK24  BANK25  BANK26  BANK27  BANK28  BANK29  BANK30  BANK31
      Params:         0       0       0       0       0       0       0       0       0       0       0       0       0       0       0       0       0       0       0       0       0       0       0       0       0       0       0       0       0       0       0       0       0
      Locals:         0       0       0       0       0       0       0       0       0       0       0       0       0       0       0       0       0       0       0       0       0       0       0       0       0       0       0       0       0       0       0       0       0
      Temps:          0       0       0       0       0       0       0       0       0       0       0       0       0       0       0       0       0       0       0       0       0       0       0       0       0       0       0       0       0       0       0       0       0
      Totals:         0       0       0       0       0       0       0       0       0       0       0       0       0       0       0       0       0       0       0       0       0       0       0       0       0       0       0       0       0       0       0       0       0
Total ram usage:        0 bytes
 Hardware stack levels used:    1
 This function calls:
		Nothing
 This function is called by:
		_SYSTEM_Initialize
 This function uses a non-reentrant model


 *************** function _SHA256_Initialize *****************
 Defined at:
		line 74 in file "sha256.c"
 Parameters:    Size  Location     Type
  context         2    0[COMRAM] PTR struct .
		 -> contexts(103), 
  length          1    2[COMRAM] enum E34
  workingBuffe    2    3[COMRAM] PTR unsigned long 
		 -> workingBuffer(320), 
 Auto vars:     Size  Location     Type
		None
 Return value:  Size  Location     Type
                  1    wreg      void 
 Registers used:
		wreg, fsr2l, fsr2h, status,2, status,0
 Tracked objects:
		On entry : 
		On exit  : 
		Unchanged: 
 Data sizes:     COMRAM   BANK0   BANK1   BANK2   BANK3   BANK4   BANK5   BANK6   BANK7   BANK8   BANK9  BANK10  BANK11  BANK12  BANK13  BANK14  BANK15  BANK16  BANK17  BANK18  BANK19  BANK20  BANK21  BANK22  BANK23  BANK24  BANK25  BANK26  BANK27  BANK28  BANK29  BANK30  BANK31
      Params:         5       0       0       0       0       0       0       0       0       0       0       0       0       0       0       0       0       0       0       0       0       0       0       0       0       0       0       0       0       0       0       0       0
      Locals:         0       0       0       0       0       0       0       0       0       0       0       0       0       0       0       0       0       0       0       0       0       0       0       0       0       0       0       0       0       0       0       0       0
      Temps:          0       0       0       0       0       0       0       0       0       0       0       0       0       0       0       0       0       0       0       0       0       0       0       0       0       0       0       0       0       0       0       0       0
      Totals:         5       0       0       0       0       0       0       0       0       0       0       0       0       0       0       0       0       0       0       0       0       0       0       0       0       0       0       0       0       0       0       0       0
Total ram usage:        5 bytes
 Hardware stack levels used:    1
 This function calls:
		Nothing
 This function is called by:
		_main
 This function uses a non-reentrant model


 *************** function _SHA256_DataAdd *****************
 Defined at:
		line 145 in file "sha256.c"
 Parameters:    Size  Location     Type
  context         2   45[BANK0 ] PTR struct .
		 -> contexts(103), 
  data            2   47[BANK0 ] PTR unsigned char 
		 -> message1(2), message0(1), 
  len             4   49[BANK0 ] unsigned long 
 Auto vars:     Size  Location     Type
  blockPtr        2   57[BANK0 ] PTR unsigned char 
		 -> contexts.partialBlock(64), contexts(103), 
 Return value:  Size  Location     Type
                  1    wreg      void 
 Registers used:
		wreg, fsr2l, fsr2h, status,2, status,0, tblptrl, tblptrh, tblptru, prodl, prodh, cstack
 Tracked objects:
		On entry : 
		On exit  : 
		Unchanged: 
 Data sizes:     COMRAM   BANK0   BANK1   BANK2   BANK3   BANK4   BANK5   BANK6   BANK7   BANK8   BANK9  BANK10  BANK11  BANK12  BANK13  BANK14  BANK15  BANK16  BANK17  BANK18  BANK19  BANK20  BANK21  BANK22  BANK23  BANK24  BANK25  BANK26  BANK27  BANK28  BANK29  BANK30  BANK31
      Params:         0       8       0       0       0       0       0       0       0       0       0       0       0       0       0       0       0       0       0       0       0       0       0       0       0       0       0       0       0       0       0       0       0
      Locals:         0       2       0       0       0       0       0       0       0       0       0       0       0       0       0       0       0       0       0       0       0       0       0       0       0       0       0       0       0       0       0       0       0
      Temps:          0       4       0       0       0       0       0       0       0       0       0       0       0       0       0       0       0       0       0       0       0       0       0       0       0       0       0       0       0       0       0       0       0
      Totals:         0      14       0       0       0       0       0       0       0       0       0       0       0       0       0       0       0       0       0       0       0       0       0       0       0       0       0       0       0       0       0       0       0
Total ram usage:       14 bytes
 Hardware stack levels used:    1
 Hardware stack levels required when called:    1
 This function calls:
		_SHA256_HashBlock
 This function is called by:
		_main
 This function uses a non-reentrant model


 *************** function _SHA256_Calculate *****************
 Defined at:
		line 286 in file "sha256.c"
 Parameters:    Size  Location     Type
  context         2   45[BANK0 ] PTR struct .
		 -> contexts(103), 
  result          2   47[BANK0 ] PTR unsigned char 
		 -> digest(64), 
 Auto vars:     Size  Location     Type
  blockPtr        2   56[BANK0 ] PTR unsigned char 
		 -> contexts.partialBlock(64), contexts(103), 
  endPtr          2   53[BANK0 ] PTR unsigned char 
		 -> contexts.partialBlock(64), contexts(103), 
  i               1   55[BANK0 ] unsigned char 
 Return value:  Size  Location     Type
                  1    wreg      void 
 Registers used:
		wreg, fsr2l, fsr2h, status,2, status,0, tblptrl, tblptrh, tblptru, prodl, prodh, cstack
 Tracked objects:
		On entry : 
		On exit  : 
		Unchanged: 
 Data sizes:     COMRAM   BANK0   BANK1   BANK2   BANK3   BANK4   BANK5   BANK6   BANK7   BANK8   BANK9  BANK10  BANK11  BANK12  BANK13  BANK14  BANK15  BANK16  BANK17  BANK18  BANK19  BANK20  BANK21  BANK22  BANK23  BANK24  BANK25  BANK26  BANK27  BANK28  BANK29  BANK30  BANK31
      Params:         0       4       0       0       0       0       0       0       0       0       0       0       0       0       0       0       0       0       0       0       0       0       0       0       0       0       0       0       0       0       0       0       0
      Locals:         0       5       0       0       0       0       0       0       0       0       0       0       0       0       0       0       0       0       0       0       0       0       0       0       0       0       0       0       0       0       0       0       0
      Temps:          0       4       0       0       0       0       0       0       0       0       0       0       0       0       0       0       0       0       0       0       0       0       0       0       0       0       0       0       0       0       0       0       0
      Totals:         0      13       0       0       0       0       0       0       0       0       0       0       0       0       0       0       0       0       0       0       0       0       0       0       0       0       0       0       0       0       0       0       0
Total ram usage:       13 bytes
 Hardware stack levels used:    1
 Hardware stack levels required when called:    1
 This function calls:
		_SHA256_HashBlock
		_SHA256_OutputData
 This function is called by:
		_main
 This function uses a non-reentrant model


 *************** function _SHA256_OutputData *****************
 Defined at:
		line 336 in file "sha256.c"
 Parameters:    Size  Location     Type
  output          2    0[COMRAM] PTR unsigned char 
		 -> digest(64), 
  value           4    2[COMRAM] unsigned long 
 Auto vars:     Size  Location     Type
		None
 Return value:  Size  Location     Type
                  1    wreg      void 
 Registers used:
		fsr2l, fsr2h, status,2, status,0
 Tracked objects:
		On entry : 
		On exit  : 
		Unchanged: 
 Data sizes:     COMRAM   BANK0   BANK1   BANK2   BANK3   BANK4   BANK5   BANK6   BANK7   BANK8   BANK9  BANK10  BANK11  BANK12  BANK13  BANK14  BANK15  BANK16  BANK17  BANK18  BANK19  BANK20  BANK21  BANK22  BANK23  BANK24  BANK25  BANK26  BANK27  BANK28  BANK29  BANK30  BANK31
      Params:         6       0       0       0       0       0       0       0       0       0       0       0       0       0       0       0       0       0       0       0       0       0       0       0       0       0       0       0       0       0       0       0       0
      Locals:         0       0       0       0       0       0       0       0       0       0       0       0       0       0       0       0       0       0       0       0       0       0       0       0       0       0       0       0       0       0       0       0       0
      Temps:          0       0       0       0       0       0       0       0       0       0       0       0       0       0       0       0       0       0       0       0       0       0       0       0       0       0       0       0       0       0       0       0       0
      Totals:         6       0       0       0       0       0       0       0       0       0       0       0       0       0       0       0       0       0       0       0       0       0       0       0       0       0       0       0       0       0       0       0       0
Total ram usage:        6 bytes
 Hardware stack levels used:    1
 This function calls:
		Nothing
 This function is called by:
		_SHA256_Calculate
 This function uses a non-reentrant model


 *************** function _SHA256_HashBlock *****************
 Defined at:
		line 171 in file "sha256.c"
 Parameters:    Size  Location     Type
  context         2    0[COMRAM] PTR struct .
		 -> contexts(103), 
 Auto vars:     Size  Location     Type
  e               4   38[BANK0 ] unsigned long 
  a               4   34[BANK0 ] unsigned long 
  t1              4   28[BANK0 ] unsigned long 
  c               4   24[BANK0 ] unsigned long 
  b               4   20[BANK0 ] unsigned long 
  g               4   16[BANK0 ] unsigned long 
  f               4   12[BANK0 ] unsigned long 
  h               4    8[BANK0 ] unsigned long 
  d               4    4[BANK0 ] unsigned long 
  t2              4    0[BANK0 ] unsigned long 
  schedulePtr     2   43[BANK0 ] PTR unsigned long 
		 -> workingBuffer(320), 
  dataPtr         2   32[BANK0 ] PTR unsigned char 
		 -> contexts.partialBlock(64), contexts(103), 
  i               1   42[BANK0 ] unsigned char 
 Return value:  Size  Location     Type
                  1    wreg      void 
 Registers used:
		wreg, fsr2l, fsr2h, status,2, status,0, tblptrl, tblptrh, tblptru, prodl, prodh
 Tracked objects:
		On entry : 
		On exit  : 
		Unchanged: 
 Data sizes:     COMRAM   BANK0   BANK1   BANK2   BANK3   BANK4   BANK5   BANK6   BANK7   BANK8   BANK9  BANK10  BANK11  BANK12  BANK13  BANK14  BANK15  BANK16  BANK17  BANK18  BANK19  BANK20  BANK21  BANK22  BANK23  BANK24  BANK25  BANK26  BANK27  BANK28  BANK29  BANK30  BANK31
      Params:         2       0       0       0       0       0       0       0       0       0       0       0       0       0       0       0       0       0       0       0       0       0       0       0       0       0       0       0       0       0       0       0       0
      Locals:         0      45       0       0       0       0       0       0       0       0       0       0       0       0       0       0       0       0       0       0       0       0       0       0       0       0       0       0       0       0       0       0       0
      Temps:         92       0       0       0       0       0       0       0       0       0       0       0       0       0       0       0       0       0       0       0       0       0       0       0       0       0       0       0       0       0       0       0       0
      Totals:        94      45       0       0       0       0       0       0       0       0       0       0       0       0       0       0       0       0       0       0       0       0       0       0       0       0       0       0       0       0       0       0       0
Total ram usage:      139 bytes
 Hardware stack levels used:    1
 This function calls:
		Nothing
 This function is called by:
		_SHA256_DataAdd
		_SHA256_Calculate
 This function uses a non-reentrant model



MODULE INFORMATION

Module		Function		Class		Link	Load	Size
mcc_generated_files/pin_manager.c
		_PIN_MANAGER_Initialize		CODE           	114A4	0000	137

mcc_generated_files/pin_manager.c estimated size: 137

sha256.c
		_SHA256_HashBlock		CODE           	10000	0000	3263
		_SHA256_Calculate		CODE           	10CBE	0000	835
		_SHA256_OutputData		CODE           	1152C	0000	91
		_SHA256_DataAdd		CODE           	11214	0000	239
		_SHA256_Initialize		CODE           	11000	0000	533

sha256.c estimated size: 4961

shared
		_message0_256_digest		MEDIUMCONST    	FFDB	0000	33
		_message1_256_digest		MEDIUMCONST    	FFBB	0000	33
		_message2_256_digest		MEDIUMCONST    	FF62	0000	33
		_message3_256_digest		MEDIUMCONST    	FF42	0000	33
		_message4_256_digest		MEDIUMCONST    	FF22	0000	33
		_message5_256_digest		MEDIUMCONST    	FF02	0000	33
		_message6_256_digest		MEDIUMCONST    	FEE2	0000	33
		_message7_256_digest		MEDIUMCONST    	FEC2	0000	33
		_message8_256_digest		MEDIUMCONST    	FEA2	0000	33
		__initialization		CODE           	11586	0000	45
		_SHA256_K      		MEDIUMCONST    	FCC5	0000	257
		_message0      		MEDIUMCONST    	FFFD	0000	2
		_message1      		MEDIUMCONST    	FFFB	0000	3
		_message2      		MEDIUMCONST    	FFB7	0000	5
		_message3      		MEDIUMCONST    	FF9D	0000	16
		_message4      		MEDIUMCONST    	FF82	0000	28
		_message5      		MEDIUMCONST    	FE69	0000	58
		_message6      		MEDIUMCONST    	FE2A	0000	64
		_message7      		MEDIUMCONST    	FFAC	0000	12
		_message8      		MEDIUMCONST    	FDC5	0000	102

shared estimated size: 889

mcc_generated_files/mcc.c
		_PMD_Initialize		CODE           	115BC	0000	37
		_OSCILLATOR_Initialize		CODE           	115E0	0000	25
		_SYSTEM_Initialize		CODE           	115F8	0000	15

mcc_generated_files/mcc.c estimated size: 77

C:\Program Files (x86)\Microchip\xc8\v2.10\pic\sources\c99\common\memcmp.c
		_memcmp        		CODE           	113EE	0000	183

C:\Program Files (x86)\Microchip\xc8\v2.10\pic\sources\c99\common\memcmp.c estimated size: 183

main.c
		_main          		CODE           	11302	0000	237

main.c estimated size: 237

